// Jest Snapshot v1, https://goo.gl/fbAQLP

exports[`counter expect to render counter class component 1`] = `ShallowWrapper {}`;
